Microchip MPLAB XC8 Compiler V2.31

Linker command line:

-W-3 --edf=C:\Program Files\Microchip\xc8\v2.31\pic\dat\en_msgs.txt -cn \
  -h+dist/default/production\temporizador_programavel.X.production.sym \
  --cmf=dist/default/production\temporizador_programavel.X.production.cmf \
  -z -Q16F887 -oC:\Users\Micro\AppData\Local\Temp\s9dk.2 \
  --defsym=__MPLAB_BUILD=1 \
  -Mdist/default/production/temporizador_programavel.X.production.map -E1 \
  -ver=XC8 Compiler --acfsm=1493 -ASTACK=0110h-016Fh -pstack=STACK \
  -ACODE=00h-07FFhx4 -ASTRCODE=00h-01FFFh -ASTRING=00h-0FFhx32 \
  -ACONST=00h-0FFhx32 -AENTRY=00h-0FFhx32 -ACOMMON=070h-07Fh \
  -ABANK0=020h-06Fh -ABANK1=0A0h-0EFh -ABANK2=0110h-016Fh \
  -ABANK3=0190h-01EFh -ARAM=020h-06Fh,0A0h-0EFh,0110h-016Fh,0190h-01EFh \
  -AABS1=020h-07Fh,0A0h-0EFh,0110h-016Fh,0190h-01EFh -ASFR0=00h-01Fh \
  -ASFR1=080h-09Fh -ASFR2=0100h-010Fh -ASFR3=0180h-018Fh \
  -ACONFIG=02007h-02008h -DCONFIG=2 -AIDLOC=02000h-02003h -DIDLOC=2 \
  -AEEDATA=00h-0FFh/02100h -peeprom_data=EEDATA -DEEDATA=2 -DCODE=2 \
  -DSTRCODE=2 -DSTRING=2 -DCONST=2 -DENTRY=2 \
  -preset_vec=00h,intentry,init,end_init -ppowerup=CODE -pcinit=CODE \
  -pfunctab=ENTRY -k C:\Users\Micro\AppData\Local\Temp\s9dk.o \
  dist/default/production\temporizador_programavel.X.production.o 

Object code version is 3.11

Machine type is 16F887



                Name                               Link     Load   Length Selector   Space Scale
C:\Users\Micro\AppData\Local\Temp\s9dk.o
                end_init                              0        0        3        0       0
                config                             2007     2007        2        0       4
dist/default/production\temporizador_programavel.X.production.o
                cinit                               7EE      7EE       12      FDC       0
                config                             2007     2007        2        0       4
                text11                              669      669        E      CD2       0
                text10                              646      646        B      C8C       0
                text9                               65C      65C        D      CB8       0
                text8                               651      651        B      CA2       0
                text7                               6AA      6AA       15      D54       0
                text6                               621      621        9      C42       0
                text5                               62A      62A        9      C54       0
                text4                               677      677       10      CEE       0
                text3                               63C      63C        A      C78       0
                text2                               61A      61A        7      C34       0
                text1                               6BF      6BF      12F      D7E       0
                maintext                            633      633        9      C66       0
                cstackCOMMON                         70       70        D       70       1
                inittext                            697      697       13      D2E       0
                dataBANK0                            20       20       10       20       1
                idataBANK0                          687      687       10      D0E       0

TOTAL           Name                               Link     Load   Length     Space
        CLASS   STACK          

        CLASS   CODE           
                end_init                              0        0        3         0
                cinit                               7EE      7EE       12         0
                text11                              669      669        E         0
                text10                              646      646        B         0
                text9                               65C      65C        D         0
                text8                               651      651        B         0
                text7                               6AA      6AA       15         0
                text6                               621      621        9         0
                text5                               62A      62A        9         0
                text4                               677      677       10         0
                text3                               63C      63C        A         0
                text2                               61A      61A        7         0
                text1                               6BF      6BF      12F         0
                maintext                            633      633        9         0
                inittext                            697      697       13         0
                idataBANK0                          687      687       10         0

        CLASS   STRCODE        

        CLASS   STRING         

        CLASS   CONST          

        CLASS   ENTRY          

        CLASS   COMMON         
                cstackCOMMON                         70       70        D         1

        CLASS   BANK0          
                dataBANK0                            20       20       10         1

        CLASS   BANK1          

        CLASS   BANK2          

        CLASS   BANK3          

        CLASS   RAM            

        CLASS   ABS1           
                abs_s1                               7E       7E        2         1

        CLASS   SFR0           

        CLASS   SFR1           

        CLASS   SFR2           

        CLASS   SFR3           

        CLASS   CONFIG         
                config                             2007     2007        2         4

        CLASS   IDLOC          

        CLASS   EEDATA         



SEGMENTS        Name                           Load    Length   Top    Selector   Space  Class     Delta

                reset_vec                      000000  000003  000003         0       0  CODE        2
                dataBANK0                      000020  000010  000030        20       1  BANK0       1
                cstackCOMMON                   000070  00000D  00007D        70       1  COMMON      1
                text2                          00061A  000007  000621       C34       0  CODE        2
                text6                          000621  000009  00062A       C42       0  CODE        2
                text5                          00062A  000009  000633       C54       0  CODE        2
                maintext                       000633  000009  00063C       C66       0  CODE        2
                text3                          00063C  00000A  000646       C78       0  CODE        2
                text10                         000646  00000B  000651       C8C       0  CODE        2
                text8                          000651  00000B  00065C       CA2       0  CODE        2
                text9                          00065C  00000D  000669       CB8       0  CODE        2
                text11                         000669  00000E  000677       CD2       0  CODE        2
                text4                          000677  000010  000687       CEE       0  CODE        2
                idataBANK0                     000687  000010  000697       D0E       0  CODE        2
                inittext                       000697  000013  0006AA       D2E       0  CODE        2
                text7                          0006AA  000015  0006BF       D54       0  CODE        2
                text1                          0006BF  00012F  0007EE       D7E       0  CODE        2
                cinit                          0007EE  000012  000800       FDC       0  CODE        2


UNUSED ADDRESS RANGES

        Name                Unused          Largest block    Delta
        BANK0            0030-006F             40           1
        BANK1            00A0-00EF             50           1
        BANK2            0110-016F             60           1
        BANK3            0190-01EF             60           1
        CODE             0003-0619            617           2
                         0800-1FFF            800
        COMMON           007D-007D              1           1
        CONST            0003-0619            100           2
                         0800-1FFF            100
        EEDATA           2100-21FF            100           2
        ENTRY            0003-0619            100           2
                         0800-1FFF            100
        IDLOC            2000-2003              4           2
        RAM              0030-006F             40           1
                         00A0-00EF             50
                         0110-016F             60
                         0190-01EF             60
        SFR0             0000-001F             20           1
        SFR1             0080-009F             20           1
        SFR2             0100-010F             10           1
        SFR3             0180-018F             10           1
        STACK            0110-016F             60           1
        STRCODE          0003-0619            617           2
                         0800-1FFF           1800
        STRING           0003-0619            100           2
                         0800-1FFF            100

                                  Symbol Table

?_botao_config              cstackCOMMON 0070
?_botao_dezena              cstackCOMMON 0070
?_botao_play                cstackCOMMON 0070
?_botao_unidade             cstackCOMMON 0070
_ANSELH                     (abs)        0189
_PORTB                      (abs)        0006
_PORTCbits                  (abs)        0007
_PORTD                      (abs)        0008
_TRISB                      (abs)        0086
_TRISCbits                  (abs)        0087
_TRISD                      (abs)        0088
__Habs1                     abs1         0000
__Hbank0                    bank0        0000
__Hbank1                    bank1        0000
__Hbank2                    bank2        0000
__Hbank3                    bank3        0000
__Hcinit                    cinit        0800
__Hclrtext                  clrtext      0000
__Hcode                     code         0000
__Hcommon                   common       0000
__Hconfig                   config       2009
__HcstackCOMMON             cstackCOMMON 0000
__HdataBANK0                dataBANK0    0000
__Heeprom_data              eeprom_data  0000
__Hend_init                 end_init     0003
__Hfunctab                  functab      0000
__HidataBANK0               idataBANK0   0000
__Hinit                     init         0000
__Hinittext                 inittext     0000
__Hintentry                 intentry     0000
__Hmaintext                 maintext     0000
__Hpowerup                  powerup      0000
__Hram                      ram          0000
__Hreset_vec                reset_vec    0000
__Hsfr0                     sfr0         0000
__Hsfr1                     sfr1         0000
__Hsfr2                     sfr2         0000
__Hsfr3                     sfr3         0000
__Hspace_0                  (abs)        0800
__Hspace_1                  (abs)        007D
__Hspace_2                  (abs)        0000
__Hspace_3                  (abs)        0000
__Hspace_4                  (abs)        4010
__Hstack                    stack        0000
__Hstrings                  strings      0000
__Htext                     text         0000
__Labs1                     abs1         0000
__Lbank0                    bank0        0000
__Lbank1                    bank1        0000
__Lbank2                    bank2        0000
__Lbank3                    bank3        0000
__Lcinit                    cinit        07EE
__Lclrtext                  clrtext      0000
__Lcode                     code         0000
__Lcommon                   common       0000
__Lconfig                   config       0000
__LcstackCOMMON             cstackCOMMON 0000
__LdataBANK0                dataBANK0    0000
__Leeprom_data              eeprom_data  0000
__Lend_init                 end_init     0000
__Lfunctab                  functab      0000
__LidataBANK0               idataBANK0   0000
__Linit                     init         0000
__Linittext                 inittext     0000
__Lintentry                 intentry     0000
__Lmaintext                 maintext     0000
__Lpowerup                  powerup      0000
__Lram                      ram          0000
__Lreset_vec                reset_vec    0000
__Lsfr0                     sfr0         0000
__Lsfr1                     sfr1         0000
__Lsfr2                     sfr2         0000
__Lsfr3                     sfr3         0000
__Lspace_0                  (abs)        0000
__Lspace_1                  (abs)        0000
__Lspace_2                  (abs)        0000
__Lspace_3                  (abs)        0000
__Lspace_4                  (abs)        0000
__Lstack                    stack        0000
__Lstrings                  strings      0000
__Ltext                     text         0000
__S0                        (abs)        0800
__S1                        (abs)        007D
__S2                        (abs)        0000
__S3                        (abs)        0000
___int_sp                   stack        0000
___latbits                  (abs)        0002
___sp                       stack        0000
___stackhi                  (abs)        0000
___stacklo                  (abs)        0000
__end_of__initialization    cinit        07FC
__end_of_botao_config       text11       0677
__end_of_botao_dezena       text10       0651
__end_of_botao_play         text9        0669
__end_of_botao_unidade      text8        065C
__end_of_delay              text7        06BF
__end_of_display1           text6        062A
__end_of_display2           text5        0633
__end_of_init_botoes        text4        0687
__end_of_init_display7seg1  text3        0646
__end_of_init_display7seg2  text2        0621
__end_of_main               maintext     063C
__end_of_temporizador_99    text1        07EE
__initialization            cinit        07EE
__pcstackCOMMON             cstackCOMMON 0070
__pdataBANK0                dataBANK0    0020
__pidataBANK0               idataBANK0   0687
__pmaintext                 maintext     0633
__ptext1                    text1        06BF
__ptext10                   text10       0646
__ptext11                   text11       0669
__ptext2                    text2        061A
__ptext3                    text3        063C
__ptext4                    text4        0677
__ptext5                    text5        062A
__ptext6                    text6        0621
__ptext7                    text7        06AA
__ptext8                    text8        0651
__ptext9                    text9        065C
__size_of_botao_config      (abs)        0000
__size_of_botao_dezena      (abs)        0000
__size_of_botao_play        (abs)        0000
__size_of_botao_unidade     (abs)        0000
__size_of_delay             (abs)        0000
__size_of_display1          (abs)        0000
__size_of_display2          (abs)        0000
__size_of_init_botoes       (abs)        0000
__size_of_init_display7seg1 (abs)        0000
__size_of_init_display7seg2 (abs)        0000
__size_of_main              (abs)        0000
__size_of_temporizador_99   (abs)        0000
_botao_config               text11       0669
_botao_dezena               text10       0646
_botao_play                 text9        065C
_botao_unidade              text8        0651
_delay                      text7        06AA
_display1                   text6        0621
_display2                   text5        062A
_init_botoes                text4        0677
_init_display7seg1          text3        063C
_init_display7seg2          text2        061A
_main                       maintext     0633
_temporizador_99            text1        06BF
_vetor                      dataBANK0    0020
btemp                       (abs)        007E
delay@t                     cstackCOMMON 0070
display1@x                  cstackCOMMON 0070
display2@x                  cstackCOMMON 0070
end_of_initialization       cinit        07FC
init_fetch0                 inittext     0697
init_ram0                   inittext     069B
intlevel0                   functab      0000
intlevel1                   functab      0000
intlevel2                   functab      0000
intlevel3                   functab      0000
intlevel4                   functab      0000
intlevel5                   functab      0000
reset_vec                   reset_vec    0000
start                       init         0000
start_initialization        cinit        07EE
temporizador_99@bloco       cstackCOMMON 0077
temporizador_99@dezena      cstackCOMMON 007B
temporizador_99@t           cstackCOMMON 0075
temporizador_99@unidade     cstackCOMMON 0079
wtemp0                      (abs)        007E


FUNCTION INFORMATION:

 *************** function _main *****************
 Defined at:
		line 16 in file "main.c"
 Parameters:    Size  Location     Type
		None
 Auto vars:     Size  Location     Type
		None
 Return value:  Size  Location     Type
                  1    wreg      void 
 Registers used:
		wreg, fsr0l, fsr0h, status,2, status,0, btemp+1, pclath, cstack
 Tracked objects:
		On entry : 
		On exit  : 
		Unchanged: 
 Data sizes:     COMMON   BANK0   BANK1   BANK3   BANK2
      Params:         0       0       0       0       0
      Locals:         0       0       0       0       0
      Temps:          0       0       0       0       0
      Totals:         0       0       0       0       0
Total ram usage:        0 bytes
 Hardware stack levels required when called:    2
 This function calls:
		_temporizador_99
 This function is called by:
		Startup code after reset
 This function uses a non-reentrant model


 *************** function _temporizador_99 *****************
 Defined at:
		line 14 in file "temporizador.c"
 Parameters:    Size  Location     Type
		None
 Auto vars:     Size  Location     Type
  dezena          2   11[COMMON] int 
  unidade         2    9[COMMON] int 
  bloco           2    7[COMMON] int 
  t               2    5[COMMON] unsigned int 
 Return value:  Size  Location     Type
                  1    wreg      void 
 Registers used:
		wreg, fsr0l, fsr0h, status,2, status,0, btemp+1, pclath, cstack
 Tracked objects:
		On entry : 
		On exit  : 
		Unchanged: 
 Data sizes:     COMMON   BANK0   BANK1   BANK3   BANK2
      Params:         0       0       0       0       0
      Locals:         8       0       0       0       0
      Temps:          0       0       0       0       0
      Totals:         8       0       0       0       0
Total ram usage:        8 bytes
 Hardware stack levels used:    1
 Hardware stack levels required when called:    1
 This function calls:
		_botao_config
		_botao_dezena
		_botao_play
		_botao_unidade
		_delay
		_display1
		_display2
		_init_botoes
		_init_display7seg1
		_init_display7seg2
 This function is called by:
		_main
 This function uses a non-reentrant model


 *************** function _init_display7seg2 *****************
 Defined at:
		line 27 in file "display7seg.c"
 Parameters:    Size  Location     Type
		None
 Auto vars:     Size  Location     Type
		None
 Return value:  Size  Location     Type
                  1    wreg      void 
 Registers used:
		status,2
 Tracked objects:
		On entry : 
		On exit  : 
		Unchanged: 
 Data sizes:     COMMON   BANK0   BANK1   BANK3   BANK2
      Params:         0       0       0       0       0
      Locals:         0       0       0       0       0
      Temps:          0       0       0       0       0
      Totals:         0       0       0       0       0
Total ram usage:        0 bytes
 Hardware stack levels used:    1
 This function calls:
		Nothing
 This function is called by:
		_temporizador_99
 This function uses a non-reentrant model


 *************** function _init_display7seg1 *****************
 Defined at:
		line 20 in file "display7seg.c"
 Parameters:    Size  Location     Type
		None
 Auto vars:     Size  Location     Type
		None
 Return value:  Size  Location     Type
                  1    wreg      void 
 Registers used:
		status,2
 Tracked objects:
		On entry : 
		On exit  : 
		Unchanged: 
 Data sizes:     COMMON   BANK0   BANK1   BANK3   BANK2
      Params:         0       0       0       0       0
      Locals:         0       0       0       0       0
      Temps:          0       0       0       0       0
      Totals:         0       0       0       0       0
Total ram usage:        0 bytes
 Hardware stack levels used:    1
 This function calls:
		Nothing
 This function is called by:
		_temporizador_99
 This function uses a non-reentrant model


 *************** function _init_botoes *****************
 Defined at:
		line 11 in file "botoes.c"
 Parameters:    Size  Location     Type
		None
 Auto vars:     Size  Location     Type
		None
 Return value:  Size  Location     Type
                  1    wreg      void 
 Registers used:
		status,2
 Tracked objects:
		On entry : 
		On exit  : 
		Unchanged: 
 Data sizes:     COMMON   BANK0   BANK1   BANK3   BANK2
      Params:         0       0       0       0       0
      Locals:         0       0       0       0       0
      Temps:          0       0       0       0       0
      Totals:         0       0       0       0       0
Total ram usage:        0 bytes
 Hardware stack levels used:    1
 This function calls:
		Nothing
 This function is called by:
		_temporizador_99
 This function uses a non-reentrant model


 *************** function _display2 *****************
 Defined at:
		line 38 in file "display7seg.c"
 Parameters:    Size  Location     Type
  x               2    0[COMMON] int 
 Auto vars:     Size  Location     Type
		None
 Return value:  Size  Location     Type
                  1    wreg      void 
 Registers used:
		wreg, fsr0l, fsr0h, status,2, status,0
 Tracked objects:
		On entry : 
		On exit  : 
		Unchanged: 
 Data sizes:     COMMON   BANK0   BANK1   BANK3   BANK2
      Params:         2       0       0       0       0
      Locals:         0       0       0       0       0
      Temps:          0       0       0       0       0
      Totals:         2       0       0       0       0
Total ram usage:        2 bytes
 Hardware stack levels used:    1
 This function calls:
		Nothing
 This function is called by:
		_temporizador_99
 This function uses a non-reentrant model


 *************** function _display1 *****************
 Defined at:
		line 33 in file "display7seg.c"
 Parameters:    Size  Location     Type
  x               2    0[COMMON] int 
 Auto vars:     Size  Location     Type
		None
 Return value:  Size  Location     Type
                  1    wreg      void 
 Registers used:
		wreg, fsr0l, fsr0h, status,2, status,0
 Tracked objects:
		On entry : 
		On exit  : 
		Unchanged: 
 Data sizes:     COMMON   BANK0   BANK1   BANK3   BANK2
      Params:         2       0       0       0       0
      Locals:         0       0       0       0       0
      Temps:          0       0       0       0       0
      Totals:         2       0       0       0       0
Total ram usage:        2 bytes
 Hardware stack levels used:    1
 This function calls:
		Nothing
 This function is called by:
		_temporizador_99
 This function uses a non-reentrant model


 *************** function _delay *****************
 Defined at:
		line 12 in file "delay.c"
 Parameters:    Size  Location     Type
  t               2    0[COMMON] unsigned int 
 Auto vars:     Size  Location     Type
		None
 Return value:  Size  Location     Type
                  1    wreg      void 
 Registers used:
		wreg, status,2, status,0
 Tracked objects:
		On entry : 
		On exit  : 
		Unchanged: 
 Data sizes:     COMMON   BANK0   BANK1   BANK3   BANK2
      Params:         2       0       0       0       0
      Locals:         0       0       0       0       0
      Temps:          1       0       0       0       0
      Totals:         3       0       0       0       0
Total ram usage:        3 bytes
 Hardware stack levels used:    1
 This function calls:
		Nothing
 This function is called by:
		_temporizador_99
 This function uses a non-reentrant model


 *************** function _botao_unidade *****************
 Defined at:
		line 24 in file "botoes.c"
 Parameters:    Size  Location     Type
		None
 Auto vars:     Size  Location     Type
		None
 Return value:  Size  Location     Type
                  2    0[COMMON] int 
 Registers used:
		wreg, status,2, status,0
 Tracked objects:
		On entry : 
		On exit  : 
		Unchanged: 
 Data sizes:     COMMON   BANK0   BANK1   BANK3   BANK2
      Params:         2       0       0       0       0
      Locals:         0       0       0       0       0
      Temps:          2       0       0       0       0
      Totals:         4       0       0       0       0
Total ram usage:        4 bytes
 Hardware stack levels used:    1
 This function calls:
		Nothing
 This function is called by:
		_temporizador_99
 This function uses a non-reentrant model


 *************** function _botao_play *****************
 Defined at:
		line 32 in file "botoes.c"
 Parameters:    Size  Location     Type
		None
 Auto vars:     Size  Location     Type
		None
 Return value:  Size  Location     Type
                  2    0[COMMON] int 
 Registers used:
		wreg, status,2, status,0
 Tracked objects:
		On entry : 
		On exit  : 
		Unchanged: 
 Data sizes:     COMMON   BANK0   BANK1   BANK3   BANK2
      Params:         2       0       0       0       0
      Locals:         0       0       0       0       0
      Temps:          3       0       0       0       0
      Totals:         5       0       0       0       0
Total ram usage:        5 bytes
 Hardware stack levels used:    1
 This function calls:
		Nothing
 This function is called by:
		_temporizador_99
 This function uses a non-reentrant model


 *************** function _botao_dezena *****************
 Defined at:
		line 28 in file "botoes.c"
 Parameters:    Size  Location     Type
		None
 Auto vars:     Size  Location     Type
		None
 Return value:  Size  Location     Type
                  2    0[COMMON] int 
 Registers used:
		wreg, status,2, status,0
 Tracked objects:
		On entry : 
		On exit  : 
		Unchanged: 
 Data sizes:     COMMON   BANK0   BANK1   BANK3   BANK2
      Params:         2       0       0       0       0
      Locals:         0       0       0       0       0
      Temps:          2       0       0       0       0
      Totals:         4       0       0       0       0
Total ram usage:        4 bytes
 Hardware stack levels used:    1
 This function calls:
		Nothing
 This function is called by:
		_temporizador_99
 This function uses a non-reentrant model


 *************** function _botao_config *****************
 Defined at:
		line 36 in file "botoes.c"
 Parameters:    Size  Location     Type
		None
 Auto vars:     Size  Location     Type
		None
 Return value:  Size  Location     Type
                  2    0[COMMON] int 
 Registers used:
		wreg, status,2, status,0
 Tracked objects:
		On entry : 
		On exit  : 
		Unchanged: 
 Data sizes:     COMMON   BANK0   BANK1   BANK3   BANK2
      Params:         2       0       0       0       0
      Locals:         0       0       0       0       0
      Temps:          3       0       0       0       0
      Totals:         5       0       0       0       0
Total ram usage:        5 bytes
 Hardware stack levels used:    1
 This function calls:
		Nothing
 This function is called by:
		_temporizador_99
 This function uses a non-reentrant model



MODULE INFORMATION

Module		Function		Class		Link	Load	Size
delay.c
		_delay         		CODE           	06AA	0000	21

delay.c estimated size: 21

botoes.c
		_botao_unidade 		CODE           	0651	0000	11
		_botao_dezena  		CODE           	0646	0000	11
		_init_botoes   		CODE           	0677	0000	16
		_botao_play    		CODE           	065C	0000	13
		_botao_config  		CODE           	0669	0000	14

botoes.c estimated size: 65

temporizador.c
		_temporizador_99		CODE           	06BF	0000	303

temporizador.c estimated size: 303

shared
		__initialization		CODE           	07EE	0000	14

shared estimated size: 14

display7seg.c
		_display1      		CODE           	0621	0000	9
		_display2      		CODE           	062A	0000	9
		_init_display7seg1		CODE           	063C	0000	10
		_init_display7seg2		CODE           	061A	0000	7

display7seg.c estimated size: 35

main.c
		_main          		CODE           	0633	0000	9

main.c estimated size: 9

